// Jest Snapshot v1, https://goo.gl/fbAQLP

exports[`Pruebas en la pagina PokemonPage debe de hacer match con el snapshot  1`] = `
<h1>Espere por favor.....</h1>
<!--v-if-->
`;

exports[`Pruebas en la pagina PokemonPage debe de hacer match con el snapshot cuando carga la informacion 1`] = `
<div>
  <h1>¿Quién es este pokemón?</h1><!-- todo picture -->
  <pokemon-picture-stub pokemonid="1" showpokemon="false"></pokemon-picture-stub><!-- todo opciones -->
  <pokemon-options-stub pokemons="[object Object],[object Object],[object Object],[object Object]"></pokemon-options-stub>
</div>
<!--v-if-->
`;
