// Jest Snapshot v1, https://goo.gl/fbAQLP

exports[`Purebas en el componente PokemonOptions debe de hacer match con el snapshot 1`] = `<div class="pokemon-contain"><img src="https://raw.githubusercontent.com/PokeAPI/sprites/master/sprites/pokemon/other/dream-world/1.svg" alt="pokemon" class="hidden-pokemon"></div>`;
